SET NAMESPACE 'http://www.teiid.org/translator/couchbase/2017' AS teiid_couchbase;

CREATE FOREIGN TABLE Customer (
	"_documentId" string OPTIONS (UPDATABLE FALSE),
	ID string OPTIONS (NAMEINSOURCE '`ID`'),
	type string OPTIONS (NAMEINSOURCE '`type`'),
	Name string OPTIONS (NAMEINSOURCE '`Name`'),
	CONSTRAINT PK0 PRIMARY KEY("_documentId")
) OPTIONS (NAMEINSOURCE '`test`', UPDATABLE TRUE, "teiid_couchbase:ISARRAYTABLE" 'false');

CREATE FOREIGN TABLE Customer_SavedAddresses (
	"_documentId" string OPTIONS (UPDATABLE FALSE),
	Customer_SavedAddresses_idx integer OPTIONS (UPDATABLE FALSE),
	Customer_SavedAddresses string OPTIONS (NAMEINSOURCE '`test`.`SavedAddresses`[]'),
	FOREIGN KEY("_documentId") REFERENCES Customer 
) OPTIONS (NAMEINSOURCE '`test`.`SavedAddresses`[]', UPDATABLE TRUE, "teiid_couchbase:ISARRAYTABLE" 'true');

CREATE FOREIGN TABLE Oder (
	"_documentId" string OPTIONS (UPDATABLE FALSE),
	CustomerID string OPTIONS (NAMEINSOURCE '`CustomerID`'),
	type string OPTIONS (NAMEINSOURCE '`type`'),
	test_CreditCard_CardNumber string OPTIONS (NAMEINSOURCE '`test`.`CreditCard`.`CardNumber`'),
	test_CreditCard_Type string OPTIONS (NAMEINSOURCE '`test`.`CreditCard`.`Type`'),
	test_CreditCard_CVN integer OPTIONS (NAMEINSOURCE '`test`.`CreditCard`.`CVN`'),
	test_CreditCard_Expiry string OPTIONS (NAMEINSOURCE '`test`.`CreditCard`.`Expiry`'),
	Name string OPTIONS (NAMEINSOURCE '`Name`'),
	CONSTRAINT PK0 PRIMARY KEY("_documentId")
) OPTIONS (NAMEINSOURCE '`test`', UPDATABLE TRUE, "teiid_couchbase:ISARRAYTABLE" 'false');

CREATE FOREIGN TABLE Oder_Items (
	"_documentId" string OPTIONS (UPDATABLE FALSE),
	Oder_Items_idx integer OPTIONS (UPDATABLE FALSE),
	Oder_Items_Quantity integer OPTIONS (NAMEINSOURCE '`Quantity`'),
	Oder_Items_ItemID integer OPTIONS (NAMEINSOURCE '`ItemID`'),
	FOREIGN KEY("_documentId") REFERENCES Oder 
) OPTIONS (NAMEINSOURCE '`test`.`Items`[]', UPDATABLE TRUE, "teiid_couchbase:ISARRAYTABLE" 'true');