SET NAMESPACE 'http://www.teiid.org/translator/couchbase/2017' AS teiid_couchbase;

CREATE FOREIGN TABLE test (
	"_documentId" string OPTIONS (UPDATABLE FALSE),
	ID string OPTIONS (NAMEINSOURCE '`ID`'),
	type string OPTIONS (NAMEINSOURCE '`type`'),
	Name string OPTIONS (NAMEINSOURCE '`Name`'),
	CustomerID string OPTIONS (NAMEINSOURCE '`CustomerID`'),
	CreditCard_CardNumber string OPTIONS (NAMEINSOURCE '`test`.`CreditCard`.`CardNumber`'),
	CreditCard_Type string OPTIONS (NAMEINSOURCE '`test`.`CreditCard`.`Type`'),
	CreditCard_CVN integer OPTIONS (NAMEINSOURCE '`test`.`CreditCard`.`CVN`'),
	CreditCard_Expiry string OPTIONS (NAMEINSOURCE '`test`.`CreditCard`.`Expiry`'),
	CONSTRAINT PK0 PRIMARY KEY("_documentId")
) OPTIONS (NAMEINSOURCE '`test`', UPDATABLE TRUE, "teiid_couchbase:ISARRAYTABLE" 'false');

CREATE FOREIGN TABLE test_Items (
	"_documentId" string OPTIONS (UPDATABLE FALSE),
	test_Items_idx integer OPTIONS (UPDATABLE FALSE),
	test_Items_Quantity integer OPTIONS (NAMEINSOURCE '`test`.`Items`[].`Quantity`'),
	test_Items_ItemID integer OPTIONS (NAMEINSOURCE '`test`.`Items`[].`ItemID`'),
	FOREIGN KEY("_documentId") REFERENCES test 
) OPTIONS (NAMEINSOURCE '`test`.`Items`[]', UPDATABLE TRUE, "teiid_couchbase:ISARRAYTABLE" 'true');

CREATE FOREIGN TABLE test_SavedAddresses (
	"_documentId" string OPTIONS (UPDATABLE FALSE),
	test_SavedAddresses_idx integer OPTIONS (UPDATABLE FALSE),
	test_SavedAddresses string OPTIONS (NAMEINSOURCE '`test`.`SavedAddresses`[]'),
	FOREIGN KEY("_documentId") REFERENCES test 
) OPTIONS (NAMEINSOURCE '`test`.`SavedAddresses`[]', UPDATABLE TRUE, "teiid_couchbase:ISARRAYTABLE" 'true');