SET NAMESPACE 'http://www.teiid.org/translator/couchbase/2017' AS teiid_couchbase;

CREATE FOREIGN TABLE test (
	"_documentId" string OPTIONS (UPDATABLE FALSE),
	Name string OPTIONS (NAMEINSOURCE '`Name`'),
	CONSTRAINT PK0 PRIMARY KEY("_documentId")
) OPTIONS (NAMEINSOURCE '`test`', UPDATABLE TRUE, "teiid_couchbase:ISARRAYTABLE" 'false');

CREATE FOREIGN TABLE test_nestedArray (
	"_documentId" string OPTIONS (UPDATABLE FALSE),
	test_nestedArray_idx integer OPTIONS (UPDATABLE FALSE),
	test_nestedArray string OPTIONS (NAMEINSOURCE '`test`.`nestedArray`[]'),
	FOREIGN KEY("_documentId") REFERENCES test 
) OPTIONS (NAMEINSOURCE '`test`.`nestedArray`[]', UPDATABLE TRUE, "teiid_couchbase:ISARRAYTABLE" 'true');

CREATE FOREIGN TABLE test_nestedArray_dim2 (
	"_documentId" string OPTIONS (UPDATABLE FALSE),
	test_nestedArray_idx integer OPTIONS (UPDATABLE FALSE),
	test_nestedArray_dim2_idx integer OPTIONS (UPDATABLE FALSE),
	test_nestedArray_dim2 string OPTIONS (NAMEINSOURCE '`test`.`nestedArray`[][]'),
	FOREIGN KEY("_documentId") REFERENCES test 
) OPTIONS (NAMEINSOURCE '`test`.`nestedArray`[][]', UPDATABLE TRUE, "teiid_couchbase:ISARRAYTABLE" 'true');

CREATE FOREIGN TABLE test_nestedArray_dim2_dim3 (
	"_documentId" string OPTIONS (UPDATABLE FALSE),
	test_nestedArray_idx integer OPTIONS (UPDATABLE FALSE),
	test_nestedArray_dim2_idx integer OPTIONS (UPDATABLE FALSE),
	test_nestedArray_dim2_dim3_idx integer OPTIONS (UPDATABLE FALSE),
	test_nestedArray_dim2_dim3 string OPTIONS (NAMEINSOURCE '`test`.`nestedArray`[][][]'),
	FOREIGN KEY("_documentId") REFERENCES test 
) OPTIONS (NAMEINSOURCE '`test`.`nestedArray`[][][]', UPDATABLE TRUE, "teiid_couchbase:ISARRAYTABLE" 'true');

CREATE FOREIGN TABLE test_nestedArray_dim2_dim3_dim4 (
	"_documentId" string OPTIONS (UPDATABLE FALSE),
	test_nestedArray_idx integer OPTIONS (UPDATABLE FALSE),
	test_nestedArray_dim2_idx integer OPTIONS (UPDATABLE FALSE),
	test_nestedArray_dim2_dim3_idx integer OPTIONS (UPDATABLE FALSE),
	test_nestedArray_dim2_dim3_dim4_idx integer OPTIONS (UPDATABLE FALSE),
	test_nestedArray_dim2_dim3_dim4 string OPTIONS (NAMEINSOURCE '`test`.`nestedArray`[][][][]'),
	FOREIGN KEY("_documentId") REFERENCES test 
) OPTIONS (NAMEINSOURCE '`test`.`nestedArray`[][][][]', UPDATABLE TRUE, "teiid_couchbase:ISARRAYTABLE" 'true');